FLEET_SYNC: ab-tests: already current
FLEET_SYNC: amazon-php-client: already current
FLEET_SYNC: ansible: synced 1e595964..be214c9d
FLEET_SYNC: api-tracker-source: already current
FLEET_SYNC: argus-landing-pages-monitoring: already current
FLEET_SYNC: bdi-cms-content-storage-php: already current
FLEET_SYNC: bestvpnrating: already current
FLEET_SYNC: brand-settings-api: already current
FLEET_SYNC: brand-settings-php-client: already current
FLEET_SYNC: cf-kv-access: already current
FLEET_SYNC: ci-templates: already current
FLEET_SYNC: cloudflare-logpush-logs: already current
FLEET_SYNC: cloudflare-php-client: already current
FLEET_SYNC: cloudflare-status-scheduled-worker: already current
FLEET_SYNC: cloudflare-worker-failed-events: already current
FLEET_SYNC: cloudflare-worker-vulnerability-scanner: already current
FLEET_SYNC: cms-components-admin: already current
FLEET_SYNC: cms-components-app: synced 4c3e628..d4cae5f
FLEET_SYNC: cms-components-content-storage-php: already current
FLEET_SYNC: creators-api-php-client: already current
FLEET_SYNC: ct-events: already current
FLEET_SYNC: cybernews-cms-admin: synced 812e34e9c..46549dcbb
FLEET_SYNC: cybernews-cms-app: synced 3b6854d90..55cd13f8e
FLEET_SYNC: cybernews-cms-content-storage-php: already current
FLEET_SYNC: docker-images: already current
FLEET_SYNC: editorjs-bundle: already current
FLEET_SYNC: experiment-status-scheduled-worker: already current
FLEET_SYNC: gaming: already current
FLEET_SYNC: healthnews-cloudflare-worker: already current
FLEET_SYNC: healthnews-cms-app: already current
FLEET_SYNC: healthnews-cms-content-storage-php: already current
FLEET_SYNC: investorsobserver-cms-app: already current
FLEET_SYNC: investorsobserver-cms-content-storage-php: already current
FLEET_SYNC: media: already current
FLEET_SYNC: medusa-warehouse: already current
FLEET_SYNC: nexos-php-client: already current
FLEET_SYNC: nip-containers: already current
FLEET_SYNC: numerology: already current
FLEET_SYNC: offerwall-api: already current
FLEET_SYNC: offerwall-worker: already current
FLEET_SYNC: phpcs: already current
FLEET_SYNC: phpstan: already current
FLEET_SYNC: ppc-cms-components-admin: already current
FLEET_SYNC: ppc-cms-components-app: already current
FLEET_SYNC: ppc-cms-cybernews-admin: already current
FLEET_SYNC: ppc-cms-cybernews-app: already current
FLEET_SYNC: ppc-cms-healthnews-admin: already current
FLEET_SYNC: ppc-cms-vpnpro-app: already current
FLEET_SYNC: product-settings-api: already current
FLEET_SYNC: product-stock-tracker-php-client: already current
FLEET_SYNC: releaser-pleaser: already current
FLEET_SYNC: score-api-php-client: already current
FLEET_SYNC: serity-api-php-client: already current
FLEET_SYNC: shortener-api: already current
FLEET_SYNC: fleet: skipped: bootstrap refresh timed out (timeout=197s elapsed=197s)
