FLEET_SYNC: ab-tests: STUCK: on branch master with uncommitted changes, 0 commits behind origin/master - needs attention
FLEET_SYNC: amazon-php-client: STUCK: on branch main with uncommitted changes, 0 commits behind origin/main - needs attention
FLEET_SYNC: ansible: STUCK: on branch master with uncommitted changes, 2 commits behind origin/master - needs attention
FLEET_SYNC: api-tracker-source: STUCK: on branch master with uncommitted changes, 0 commits behind origin/master - needs attention
FLEET_SYNC: argus-landing-pages-monitoring: STUCK: on branch main with uncommitted changes, 0 commits behind origin/main - needs attention
FLEET_SYNC: bdi-cms-content-storage-php: STUCK: on branch main with uncommitted changes, 0 commits behind origin/main - needs attention
FLEET_SYNC: bestvpnrating: STUCK: on branch master with uncommitted changes, 0 commits behind origin/master - needs attention
FLEET_SYNC: brand-settings-api: STUCK: on branch master with uncommitted changes, 0 commits behind origin/master - needs attention
FLEET_SYNC: brand-settings-php-client: STUCK: on branch main with uncommitted changes, 0 commits behind origin/main - needs attention
FLEET_SYNC: cf-kv-access: STUCK: on branch main with uncommitted changes, 0 commits behind origin/main - needs attention
FLEET_SYNC: ci-templates: STUCK: on branch main with uncommitted changes, 0 commits behind origin/main - needs attention
FLEET_SYNC: cloudflare-logpush-logs: STUCK: on branch main with uncommitted changes, 0 commits behind origin/main - needs attention
FLEET_SYNC: cloudflare-php-client: STUCK: on branch main with uncommitted changes, 0 commits behind origin/main - needs attention
FLEET_SYNC: cloudflare-status-scheduled-worker: STUCK: on branch main with uncommitted changes, 0 commits behind origin/main - needs attention
FLEET_SYNC: cloudflare-worker-failed-events: STUCK: on branch master with uncommitted changes, 0 commits behind origin/master - needs attention
FLEET_SYNC: cloudflare-worker-vulnerability-scanner: STUCK: on branch main with uncommitted changes, 0 commits behind origin/main - needs attention
FLEET_SYNC: cms-components-admin: STUCK: on branch master with uncommitted changes, 0 commits behind origin/master - needs attention
FLEET_SYNC: cms-components-app: STUCK: on branch master with uncommitted changes, 2 commits behind origin/master - needs attention
FLEET_SYNC: cms-components-content-storage-php: STUCK: on branch master with uncommitted changes, 0 commits behind origin/master - needs attention
FLEET_SYNC: creators-api-php-client: STUCK: on branch main with uncommitted changes, 0 commits behind origin/main - needs attention
FLEET_SYNC: ct-events: STUCK: on branch master with uncommitted changes, 0 commits behind origin/master - needs attention
FLEET_SYNC: cybernews-cms-admin: STUCK: on branch master with uncommitted changes, 2 commits behind origin/master - needs attention
FLEET_SYNC: cybernews-cms-app: STUCK: on branch master with uncommitted changes, 2 commits behind origin/master - needs attention
FLEET_SYNC: cybernews-cms-content-storage-php: STUCK: on branch master with uncommitted changes, 0 commits behind origin/master - needs attention
FLEET_SYNC: docker-images: STUCK: on branch master with uncommitted changes, 0 commits behind origin/master - needs attention
FLEET_SYNC: editorjs-bundle: STUCK: on branch master with uncommitted changes, 0 commits behind origin/master - needs attention
FLEET_SYNC: experiment-status-scheduled-worker: STUCK: on branch main with uncommitted changes, 0 commits behind origin/main - needs attention
FLEET_SYNC: gaming: STUCK: on branch main with uncommitted changes, 0 commits behind origin/main - needs attention
FLEET_SYNC: healthnews-cloudflare-worker: STUCK: on branch main with uncommitted changes, 0 commits behind origin/main - needs attention
FLEET_SYNC: healthnews-cms-app: STUCK: on branch master with uncommitted changes, 0 commits behind origin/master - needs attention
FLEET_SYNC: healthnews-cms-content-storage-php: STUCK: on branch master with uncommitted changes, 0 commits behind origin/master - needs attention
FLEET_SYNC: investorsobserver-cms-app: STUCK: on branch main with uncommitted changes, 0 commits behind origin/main - needs attention
FLEET_SYNC: investorsobserver-cms-content-storage-php: STUCK: on branch main with uncommitted changes, 0 commits behind origin/main - needs attention
FLEET_SYNC: media: STUCK: on branch main with uncommitted changes, 0 commits behind origin/main - needs attention
FLEET_SYNC: medusa-warehouse: STUCK: on branch main with uncommitted changes, 0 commits behind origin/main - needs attention
FLEET_SYNC: nexos-php-client: STUCK: on branch main with uncommitted changes, 0 commits behind origin/main - needs attention
FLEET_SYNC: nip-containers: STUCK: on branch main with uncommitted changes, 0 commits behind origin/main - needs attention
FLEET_SYNC: numerology: STUCK: on branch main with uncommitted changes, 0 commits behind origin/main - needs attention
FLEET_SYNC: offerwall-api: STUCK: on branch main with uncommitted changes, 0 commits behind origin/main - needs attention
FLEET_SYNC: offerwall-worker: STUCK: on branch main with uncommitted changes, 0 commits behind origin/main - needs attention
FLEET_SYNC: phpcs: STUCK: on branch master with uncommitted changes, 0 commits behind origin/master - needs attention
FLEET_SYNC: phpstan: STUCK: on branch master with uncommitted changes, 0 commits behind origin/master - needs attention
FLEET_SYNC: ppc-cms-components-admin: STUCK: on branch main with uncommitted changes, 0 commits behind origin/main - needs attention
FLEET_SYNC: ppc-cms-components-app: STUCK: on branch main with uncommitted changes, 0 commits behind origin/main - needs attention
FLEET_SYNC: ppc-cms-cybernews-admin: STUCK: on branch main with uncommitted changes, 0 commits behind origin/main - needs attention
FLEET_SYNC: ppc-cms-cybernews-app: STUCK: on branch main with uncommitted changes, 0 commits behind origin/main - needs attention
FLEET_SYNC: ppc-cms-healthnews-admin: STUCK: on branch main with uncommitted changes, 0 commits behind origin/main - needs attention
FLEET_SYNC: ppc-cms-vpnpro-app: STUCK: on branch main with uncommitted changes, 0 commits behind origin/main - needs attention
FLEET_SYNC: product-settings-api: STUCK: on branch main with uncommitted changes, 0 commits behind origin/main - needs attention
FLEET_SYNC: product-stock-tracker-php-client: STUCK: on branch main with uncommitted changes, 0 commits behind origin/main - needs attention
FLEET_SYNC: releaser-pleaser: STUCK: on branch main with uncommitted changes, 0 commits behind origin/main - needs attention
FLEET_SYNC: score-api-php-client: STUCK: on branch main with uncommitted changes, 0 commits behind origin/main - needs attention
FLEET_SYNC: serity-api-php-client: STUCK: on branch main with uncommitted changes, 0 commits behind origin/main - needs attention
FLEET_SYNC: fleet: skipped: bootstrap refresh timed out (timeout=197s elapsed=197s)
