FM_TEST_BEGIN 2026-09-20T16:40:02Z tests/fm-download-lib.test.sh family=pure-contract-unit expected_gate_skip=none
FM_TEST_BEGIN 2026-09-20T16:40:02Z tests/fm-clickup-contract.test.sh family=pure-contract-unit expected_gate_skip=none
ok - clickup skill exists with captain-invocable internal frontmatter
ok - clickup skill externalizes instance parameters and keeps connector facts
ok - clickup instance parameters stay local and out of tracked files
ok - clickup skill keeps its safety and idempotency contracts
ok - AGENTS.md carries exactly the two clickup triggers
ok - clickup contract stays single-owner with doc and README pointers
FM_TEST_END 2026-09-20T16:40:02Z tests/fm-clickup-contract.test.sh exit=0 duration_ms=343 gate_skip=false
ok - fm_download succeeds on the first attempt without retrying
ok - fm_download retries a connection reset and then succeeds
ok - fm_download retries a server-side transient status (408, 429, 5xx)
ok - fm_download refuses to retry a missing asset whatever exit code curl picks
ok - fm_download fails fast on client, ceiling, and local-write failures
ok - fm_download gives up after exactly 4 attempts and still fails
ok - fm_download abandons a stalled transfer instead of hanging on it
ok - fm_download forwards caller bounds and keeps curl's own safety flags
ok - the Treehouse installer survives a reset and keeps its bounded ceiling
ok - the Herdr installer survives a mid-body hang-up and keeps its bounded ceiling
ok - every installer fails fast on a missing asset and names the URL
FM_TEST_END 2026-09-20T16:40:20Z tests/fm-download-lib.test.sh exit=0 duration_ms=18467 gate_skip=false
FM_TEST_BEGIN 2026-09-20T16:40:20Z tests/fm-evidence-artifacts.test.sh family=unclassified expected_gate_skip=none
ok - every ship delivery mode carries the evidence rule and a resolvable owner pointer
ok - scaffolds that open no pull request stay free of the rule
ok - forge mechanics live only in the owner skill and its verification record
ok - a ship brief routes workers only into instructions they can execute
ok - a promoted scout receives the ship brief's evidence rule and owner pointer
FM_TEST_END 2026-09-20T16:40:26Z tests/fm-evidence-artifacts.test.sh exit=0 duration_ms=5606 gate_skip=false
FM_TEST_BEGIN 2026-09-20T16:40:26Z tests/fm-pr-description-guard.test.sh family=unclassified expected_gate_skip=none
ok - !1333: seven screenshot paths refused, its relative shots/ index untouched
ok - !1325: three YAML/JSON evidence paths refused, fenced or not
ok - !1331: JSON transcript and PHP capture script both refused
ok - !1328: a clean description and correct /uploads/ links pass
ok - !703: quoted CI install commands under /tmp pass
ok - a shared scratch root refuses only when stamped or delivered
ok - attribute-shaped bytes deliver only inside an open tag
ok - a user home or file:// URL is refused with no second signal
ok - a root named in prose is not a delivery, a path under it still is
ok - a /home or /tmp segment inside a URL is not a local path
ok - a /private twin decides as its canonical root, and nothing else does
ok - a refused twin path is named exactly as the description wrote it
ok - a refusal names every path, points at the recipes, and changes nothing
ok - both forges are checked, each with its own wording
ok - the GitLab fetch addresses the task's own instance, not glab's default
ok - the GitHub fetch addresses the task's own URL, not gh's default instance
ok - a rejected --jq attempt contributes nothing to the measured description
ok - the plain view's header is dropped, its description is not
ok - an absent glab is reported once, as the missing CLI
ok - a clean description arms exactly as before
ok - an unreadable description degrades to a warning and the report proceeds
ok - a forge that never answers times out to a warning and the report arms
ok - the merge path records metadata without re-litigating the description
FM_TEST_END 2026-09-20T16:40:45Z tests/fm-pr-description-guard.test.sh exit=0 duration_ms=18801 gate_skip=false
FM_TEST_SUMMARY total=4 failed=0 skipped_gate=0 duration_ms=43396
FM_TEST_SUMMARY_FAMILY family=pure-contract-unit count=2 duration_ms=18810 failed=0
FM_TEST_SUMMARY_FAMILY family=unclassified count=2 duration_ms=24407 failed=0
FM_TEST_SLOWEST rank=1 script=tests/fm-pr-description-guard.test.sh duration_ms=18801
FM_TEST_SLOWEST rank=2 script=tests/fm-download-lib.test.sh duration_ms=18467
FM_TEST_SLOWEST rank=3 script=tests/fm-evidence-artifacts.test.sh duration_ms=5606
FM_TEST_SLOWEST rank=4 script=tests/fm-clickup-contract.test.sh duration_ms=343
