FM_TEST_BEGIN 2026-09-20T16:41:07Z tests/fm-brief.test.sh family=pure-contract-unit expected_gate_skip=none
FM_TEST_BEGIN 2026-09-20T16:41:07Z tests/fm-captain-hold-lifecycle.test.sh family=pure-contract-unit expected_gate_skip=none
FM_TEST_BEGIN 2026-09-20T16:41:07Z tests/fm-crew-state.test.sh family=pure-contract-unit expected_gate_skip=none
FM_TEST_BEGIN 2026-09-20T16:41:07Z tests/fm-pr-merge.test.sh family=pr-forge expected_gate_skip=none
ok - fm-brief: scaffolds leave the worker role scope to the launch boundary and keep the secondmate contract
ok - fm-brief.sh: bash -n succeeds
/private/var/folders/b8/p7dyhngn7l591759f0_ngqr40000gn/T/fm-test-run.76wP88/w1/tmp/fm-brief.YaLbjK/heredoc-in-substitution.sh:2
ok - fm-brief.sh: no heredoc is nested inside a command substitution (Bash 3.2 parse-safe)
ok - fm-brief.sh: --help renders the complete header
ok - fm-brief.sh: no-mistakes/direct-PR/local-only briefs generate cleanly
ok - fm-brief.sh: ship --mode is required and closed-set validated
ok - fm-brief.sh: the explicit ship mode wins over the registered posture
ok - fm-brief.sh: --yolo and scout/secondmate --mode are refused, never silently dropped
ok - fm-brief.sh: faster paths use configured authority without stacked review
ok - fm-brief.sh: no-mistakes DOD keeps its apostrophe prose and bans --yes outright
ok - fm-brief.sh: no-mistakes ask-user findings use one event plus a verbatim snapshot
ok - fm-brief.sh: ship project-memory wording carries the AGENTS.md authoring bar
ok - fm-brief.sh: --herdr-lab emits the complete hard safety contract
ok - fm-brief.sh: --herdr-lab uses its quoted Firstmate-owned helper path
ok - fm-brief.sh: ship and scout scaffolds make omitted Herdr intent fail-visible
ok - fm-brief.sh: the documented {TASK} and {FIRSTMATE_SPEC} fills cannot corrupt the Herdr safety gate
ok - fm-brief.sh: Herdr lab contract covers scouts and rejects secondmate misuse
ok - fm-brief.sh: --no-projects scaffolds a project-less charter and guards misuse
ok - fm-brief.sh: marked requests avoid generic acknowledgements and preserve material reporting
ok - fm-brief.sh: relative directory inputs ignore CDPATH, render stable absolute charter paths, or fail loudly
ok - fm-brief.sh: custom pause verb renders in every scaffold
ok - fm-brief.sh: ship and scout scaffolds teach validation-round pauses
ok - fm-brief.sh: investigation and visual-review completions load the shared decision policy
ok - fm-brief: scout and secondmate code paths still scaffold well-formed briefs
ok - fm-brief.sh: scout Lavish hosting follows the bootstrap lavish-axi floor
FM_TEST_END 2026-09-20T16:41:30Z tests/fm-brief.test.sh exit=0 duration_ms=23007 gate_skip=false
ok - captured AXI replacement status replays through crew-state
ok - captured AXI parked status replays through crew-state
ok - captured AXI failed status replays through crew-state
ok - captured capped inventory replays selection, ambiguity, and unavailable lookup
ok - captured status formats reject a synthetic authority transition
ok - captured completed status yields to synthetic subsequent development
ok - active run-step is authoritative
ok - stale needs-decision over active run is superseded
ok - stale blocked over active run is superseded
ok - daemon/timeout blocked claim over a live fixing run reads as run alive
ok - socket refusal or missing socket over a stale fixing run reports blocked
ok - socket refusal over a terminal attributed run reports blocked
ok - socket-down evidence outranks a live run only while it is the log's latest event
ok - broken-pipe blocker over a live run keeps the plain superseded reading
ok - genuine daemon-down blocked line still reports blocked
ok - a busy secondmate keeps its open blocker until that exact key closes
ok - the most recently opened decision supplies the reported state and detail
ok - ship and scout terminal declarations supersede stale decisions
ok - latest status retains legacy completion events and shared captain matching
ok - latest status subprocess work stays bounded and still reads past a long prose tail
ok - genuine parked run is not flagged superseded
ok - the parked human-decision component is derived from the findings table's action column
ok - scalar gate parked run is not flagged superseded
ok - gate block parked run is not flagged superseded
ok - ci-ready status log beats monitoring run
ok - ci-monitoring run with checks already green surfaces done
ok - top-level ci status uses ci log green marker
ok - terminal no-checks ci-monitor marker surfaces done
ok - base-advance rearm after green stays working
ok - pending no-checks ci-monitor marker stays working
ok - ci-monitoring run with checks not yet green stays working
ok - a fresh issue after an earlier green reading is not masked
ok - stale checks-green status log does not mask CI relapse
ok - ci fixing is not overridden by an earlier green marker
ok - top-level fixing is not overridden by a stale ci running row
ok - top-level fixing is not overridden by a stale done log
ok - terminal passed run is authoritative
ok - terminal passed run uses matching retirement receipt without forge
ok - terminal passed no-forge mode preserves local receipt evidence
ok - terminal passed run with open PR does not claim merged
ok - terminal passed run PR overrides stale task metadata
ok - terminal passed run without readable PR identity reports unknown
ok - terminal passed run reads open GitLab MR state
ok - terminal passed run reads merged GitLab MR state
ok - terminal passed run handles failed GitLab read
ok - terminal failed run is authoritative
ok - orphaned ci monitor after green reads as held-for-merge done
ok - status-only failed orphaned ci monitor after green reads done
ok - genuinely failing CI keeps the failed verdict
ok - a second failed step disqualifies the orphaned-monitor reclassification
ok - cross-branch run is attributed via the real runs list
ok - socket refusal over a coarse active run reports blocked
ok - failed ledger record reads unknown only when the daemon is provably down
ok - cross-branch attribution picks the branch's most recent row
ok - a newer failure is not hidden by a live sibling
ok - runs-list selection keeps the newer failure over an older live row
ok - an older unfetched live sibling does not hide a newer failure
ok - two terminal rows keep the existing newest-first precedence
ok - an unclassifiable status row keeps the ledger's newest-first precedence
ok - a terminal run with no live sibling is unchanged
ok - coarse run does not probe another branch's ci log
ok - another branch's run is ignored, falls back
ok - no run + a busy semantic record reads working, attributed to its source
ok - a converted adapter never reads working from rendered footer text
ok - grok still reads working through its isolated rendered-tail fallback
ok - herdr's native busy verdict reads working with no record present
ok - a herdr CLI that fails to answer reads unknown/unreachable, never gone
ok - an alive endpoint whose scrollback read failed stays working
ok - a husk pane (agent gone) still reads gone for reclaim
ok - a mid-tool-call crew stays working because its record outranks herdr's generation state
ok - an idle record with idle agent_status stays not-busy (no regression for a human-blocked agent)
ok - no run + idle pane uses the status-log verb
ok - no run + idle pane parses keyed status syntax
ok - no run + idle pane on a paused: status reports state: paused with its reason
ok - no run + idle pane honors the configured paused verb
ok - a trailing resolved: event does not corrupt state render (idle stays idle)
ok - dead window ignores stale status log
ok - a tmux that fails to answer reads unknown/unreachable, never gone
ok - closed pane still reports a terminal run-step
ok - closed pane still reports an active run-step
ok - no timeout command uses perl bound
ok - scout skips the run lookup
ok - torn-down worktree is handled gracefully
ok - fm-crew-state remote: alive endpoint falls through to the routed status log
ok - fm-crew-state remote: an idle alive endpoint reads alive, never gone or dead
ok - fm-crew-state remote: an unreachable host reads unknown-remote, never gone or dead
ok - fm-crew-state remote: the remote host's own dead verdict is reported truthfully
ok - missing meta is handled gracefully
ok - crew_is_provably_working absorbs a validating crew found only via the runs-list fallback
ok - crew_is_provably_working still surfaces a genuinely stopped crew (safety property preserved)
ok - usage error exits 2
ok - historical same-branch rewritten head is not attributed as current
ok - active run with valid descendant fix head remains current
ok - local work advanced past run head invalidates attribution
ok - pipeline-owned active run binds without head equality and beats the failed row
ok - a genuinely failed run with no later run is not hidden
ok - coarse scan anchors the unresolvable active row instead of falling to an older one
ok - coarse scan with a mismatched anchor stays unknown and lets the pane answer
ok - coarse terminal row at a foreign head is not attributed
ok - an executing run binds regardless of branch_sync state
ok - a parked run keeps the strict head rule without pipeline_owned
ok - run_parked_scalar_gate_running keeps the strict head rule despite its live status word
ok - run_parked_in_gate_block keeps the strict head rule despite its live status word
ok - the exemption never applies to a terminal run
ok - missing run head falls back instead of matching by branch
ok - active fix round with an unfetched pipeline head reads working
ok - unanchored unverifiable active row is attributed because it is live
ok - unresolvable terminal row never reads as current
ok - runs-list continuation attribution works when axi answers another branch
ok - herdr stale registration over a shell-only pane reads agent gone, not alive
ok - herdr stale working record never reports a shell-only pane busy
ok - capped overview retains both competing same-branch run ids
ok - same-branch identity survives both runs falling outside the overview
ok - complete inventory preserves the replacement gate without writes
ok - missing complete-inventory failure reports unknown
ok - corrupt complete-inventory failure reports unknown
ok - schema complete-inventory failure reports unknown
ok - repo complete-inventory failure reports unknown
ok - count complete-inventory failure reports unknown
ok - R6 complete selection ignores unrelated branch semantics
ok - R6 requested branches use exact identity without a whitelist
ok - R6 capped inventory ignores unrelated semantics and names both ids
ok - R6 complete identity lookup precedes partial-row semantic rejection
ok - R6 capped inventory preserves quoted requested-branch identity
ok - R6 structural completeness and requested-run validation remain enforced
ok - R5 complete inventory without Python keeps the replacement gate
ok - R5 complete ambiguity without Python names both ids
ok - R5 capped lookup without Python preserves available ids
ok - R5 capped lookup without SQLite support preserves available ids
ok - R1 both directions of inventory liveness disagreement read unknown
ok - R2 uninitialized busy workers retain pane reporting
ok - R2 uninitialized idle workers retain status reporting
ok - R3 historical inventory yields to the current busy pane
ok - R3 historical inventory yields to current worker status
ok - superseded cancelled run preserves the replacement review gate
ok - a live rebased run beats an older failed run at the local head
ok - pending run with a rebased head reads working
ok - running run with a rebased head reads working
ok - legacy live rebased run is authoritative over an older failed row
ok - legacy surface binds a fixing run at a rebased head
ok - legacy surface binds a ci run at a rebased head
ok - an unproven record at a diverged head does not answer for the crew
ok - an unproven record with a dead daemon never overrides a busy pane
ok - an ordinary blocked tip over a coarse live row keeps the superseded reading
ok - a socket-refused blocker survives the dead-daemon verdict
ok - an ordinary blocked tip survives the dead-daemon verdict
ok - a parked gate survives a dead daemon with its findings intact
ok - an unproven record at a diverged head does not answer on the selected route
ok - a live record at a diverged head binds while the daemon answers
ok - the anchored continuation binds while the daemon answers
ok - a head-tied coarse record keeps its working reading and its original note
ok - a coarse failed record with a dead daemon reads unknown
ok - the selected-run anchored continuation reports the dead daemon, not an identity failure
ok - the selected-run anchored continuation binds while the daemon answers
ok - the selected route keeps an anchored parked run's gate with a dead daemon
ok - an open decision survives the dead-daemon verdict on the selected route
ok - a coarse pending ledger word reads unknown
ok - an unanswered probe never turns a failed coarse record into a gate
ok - the selected-route dead-daemon verdict names the run once
ok - a head-tied row reads working when axi names the self run
ok - a head-tied row reads working when axi names the other run
ok - a head-tied coarse row is exempt even when the record head diverged
ok - an unrecognised ledger word keeps the ordinary supersede note
ok - an unanswered daemon probe leaves a live rebased run bound
ok - a head-tied coarse live row is exempt from the dead-daemon verdict
ok - a coarse live row over an open decision keeps the original supersede note
ok - a coarse live row at a rebased head is not attributed
ok - a terminal run at a diverged head keeps the strict head rule
ok - competing live runs report unknown with both run ids
ok - newer failed run remains failed beside an older live run
ok - missing run selection reports unknown with candidate ids
ok - wrong-id run selection reports unknown with candidate ids
ok - wrong-branch run selection reports unknown with candidate ids
ok - wrong-head run selection reports unknown with candidate ids
ok - missing-status run selection reports unknown with candidate ids
ok - malformed-table run selection reports unknown with candidate ids
ok - inventory-error run selection reports unknown with candidate ids
ok - selected-error run selection reports unknown with candidate ids
ok - legacy conflicting run records report unknown
all fm-crew-state tests passed
FM_TEST_END 2026-09-20T16:45:22Z tests/fm-crew-state.test.sh exit=0 duration_ms=254987 gate_skip=false
ok - fm-pr-merge reports exact queue retry flags after a zero-exit false success
ok - fm-pr-merge omits merge-queue retry guidance for a closed GitHub PR
ok - fm-pr-merge aggregates agreeing merge-queue rules
ok - fm-pr-merge reports ambiguity for conflicting merge-queue rules
ok - fm-pr-merge records pr= and pr_head= for a verified GitHub merge
ok - fm-pr-merge records pr= before the forge call can land the merge
ok - fm-pr-merge propagates a real merge failure without silently succeeding
ok - fm-pr-merge refuses a GitHub merge call that leaves the PR open and unqueued
ok - fm-pr-merge keeps PR bookkeeping when it cannot read a successful merge call's outcome
ok - fm-pr-merge refuses with the forge's own output quoted apart from its verdict
ok - fm-pr-merge quotes the forge output when it cannot read the outcome either
ok - fm-pr-merge does not echo back queue flags the caller already used
ok - fm-pr-merge still names retry flags when the caller used a different method
ok - fm-pr-merge names the queue requirement even when its method is unrecognised
ok - fm-pr-merge distinguishes unreadable branch rules from a base with no merge queue
ok - fm-pr-merge reads a plan-gated 403 on branch rules as no merge queue, not unreadable
ok - fm-pr-merge says nothing about a merge queue when the base branch has no queue rule
ok - fm-pr-merge accepts only a proved merge from the gh-axi fallback
ok - fm-pr-merge explains an armed auto-merge that landed nothing on a queue-less base
ok - fm-pr-merge never reports auto-merge as armed when the merge command failed
ok - fm-pr-merge claims no acceptance for a failed merge command carrying queue flags
ok - fm-pr-merge falls back to the gh-axi view when gh's read fails
ok - fm-pr-merge names a landed state hiding behind a failed GitHub merge command
ok - fm-pr-merge refuses a GitHub merge when gh is missing, before recording
ok - fm-pr-merge refuses a GitHub merge when gh is missing rather than merging blind
ok - fm-pr-merge verifies a genuinely merged GitHub pull request
ok - fm-pr-merge refuses to claim a merge when poll recording fails
ok - fm-pr-merge accepts and accurately reports a GitHub merge-queue entry
ok - fm-pr-merge explains how to retry with the required GitHub merge queue method
ok - fm-pr-merge refuses branch deletion unless --attended-override is passed
ok - fm-pr-merge refuses before merging when task meta is missing
ok - fm-pr-merge refuses malformed PR URLs before calling gh-axi
ok - fm-pr-merge refuses unsafe PR URL segments before recording state
ok - fm-pr-merge refuses repo override args before recording state
ok - fm-pr-merge refuses a bundled short-option repo override and refuses -d unless attended
ok - fm-pr-merge does not add default --squash when the caller passes an explicit merge method
ok - fm-pr-merge respects --method=<value> as an explicit merge method
ok - fm-pr-merge parses a GitHub PR URL into gh-axi number and --repo arguments
ok - fm-pr-merge refuses a caller --sha on GitHub because the head comes from the live read
ok - fm-pr-merge merges a GitLab merge request through glab instead of refusing it
ok - fm-pr-merge takes the GitLab instance from the URL rather than assuming one
ok - fm-pr-merge imposes no merge method on GitLab, leaving the project's own one
ok - fm-pr-merge refuses GitLab source-branch deletion unless --attended-override is passed
ok - fm-pr-merge propagates a real glab merge failure without silently succeeding
ok - fm-pr-merge refuses on each GitLab pre-merge condition independently
ok - fm-pr-merge reports every failing GitLab condition, not only the first
ok - fm-pr-merge reports a stale recorded head and verifies the live one
ok - fm-pr-merge refuses an unreadable GitLab merge request state rather than merging blind
ok - fm-pr-merge refuses a GitLab head commit it cannot validate
ok - fm-pr-merge refuses before recording anything when glab or jq is absent
ok - fm-pr-merge refuses a GitLab head override before recording state
ok - a merge a secondmate home performs itself is reported upward exactly once
ok - a locally routed secondmate home reports the landed PR into its parent's own channel
ok - a landed GitLab merge request is reported upward on the same channel
ok - a queued GitLab merge stays silent and leaves confirmation to the armed poll
ok - a refused or failed merge reports no outcome
ok - a GitLab merge refused before the forge call reports no outcome
ok - a merge a main home performs itself leaves one durable wake naming the PR
ok - a queued GitHub merge stays silent and leaves confirmation to the armed poll
ok - distinct merged PRs for one task retain distinct captain-facing wakes
ok - an uncommitted marker retry preserves at least one durable outcome
ok - a secondmate home that cannot report upward says so instead of merging in silence
ok - fm-pr-merge proceeds when the home carries no backlog at all
ok - fm-pr-merge refuses when the backlog exists but cannot be read
ok - fm-pr-merge refuses when its configured backend cannot be read
ok - fm-pr-merge refuses when its user backend configuration cannot be read
ok - fm-pr-merge refuses when its user backend configuration directory cannot be traversed
ok - fm-pr-merge proceeds once when its user configuration directory and backlog are genuinely absent
ok - fm-pr-merge honors a backend override over an unreadable user configuration
ok - fm-pr-merge refuses red GitHub checks and waives only a named --allow-red check
ok - fm-pr-merge merges when a failed check run was replaced by a passing re-run
ok - fm-pr-merge never lets a check run supersede a legacy status context
ok - fm-pr-merge still refuses when a check's current run failed after an earlier pass
ok - fm-pr-merge uses start order when the old success finishes last
ok - fm-pr-merge supersedes an old cancellation that finishes last
ok - fm-pr-merge keeps a check red while its re-run is still in flight
ok - fm-pr-merge never lets one check's pass clear another check's failure
ok - fm-pr-merge clears a failure only on a proven later pass of the same check
ok - fm-pr-merge keeps --allow-red scoped to its named check beside a superseded failure
ok - fm-pr-merge rechecks away presence before an attended red merge
ok - fm-pr-merge accepts exactly one separately named red-check waiver
ok - away merges require yolo or a grant, and --attended-override does not skip that
ok - under the away-posture record the branch merges a granted green task, is held without a grant, cannot waive a red check, and is refused at the partition while attended
ok - a branch merge refuses under the lock when the away record is archived during preflight
ok - away posture permits immediate merges but refuses every asynchronous path
ok - away merge proceeds on a plan-gated 403 because that repository cannot have a merge queue
ok - a grant does not bypass red checks, and a recorded pr= must match the URL
ok - an unreadable away-posture record refuses the merge instead of skipping the grant
ok - no away-record archive or grant revocation lands between the authority read and the merge
ok - a grant revoked before the merge's own authority read refuses the merge
ok - a merge that cannot lock the away record refuses instead of merging unlocked
ok - fm-pr-merge refuses --allow-red on GitLab
FM_TEST_END 2026-09-20T16:51:05Z tests/fm-pr-merge.test.sh exit=0 duration_ms=597879 gate_skip=false
ok - report-only unresolved captain call is reproduced and completion refuses before loss
ok - both body-decoding paths work without the allow_nonref default
ok - cleanup preserves every byte of a retained body's non-ASCII characters
ok - the completion gate attests captain-held inventory and transfers open status decisions
ok - answer records the captain's words, closes idempotently, and releases routed work
ok - release frees held work with the captain's words recorded and the body preserved
ok - captain holds become visible only after their hold-set timestamp is durable
ok - an interrupted answer preserves its hold age until close retry
ok - a deferred captain call leaves the live Captain's Call until its date and stays answerable
ok - an out-of-band close is recordable with the captain's word and nothing else
ok - ended visual review follows the same captain-hold completion owner
ok - resolved findings and decision-like prose do not create captain-held tasks
ok - terminal single-owner stale status decisions do not block empty inventory
ok - main-home and secondmate-home captain calls remain correctly routed
ok - a secondmate home publishes each hold occurrence and its answer on the parent channel
ok - secondmate resolutions publish before retiring durable retry triggers
not-autohandled: fixture-src (left for the handler; still unacknowledged)
ok - a bound channel's captured answers close their captain-held tasks at answer time
ok - only a bound captured source creates reconcile requests
ok - normal answers and their replays retire reconcile requests
ok - reconcile closes a moot call with evidence and keeps an active one open with a note
ok - reconcile outcomes apply durable mutations once across partial failures
ok - a channel source with no decision binding closes nothing
ok - legacy identities, metadata, bindings, and the shim keep working
ok - a board answer reaches the keyed-answer intake and wakes firstmate
ok - the chat channel feeds the same keyed-answer intake a captured review does
ok - completion and verification validate origins before constructing paths
ok - a status resolution over a still-open captain-held task is signalled, not closed
ok - a captain call with no routed work, a verified transfer, an open decision, and an answered call all stay silent
ok - cleanup leaves a captain-held work item open with its deliverable, and only an answer closes it
ok - release and scout report retention distinguish deliveries from rejected merge answers
ok - an interrupted cleanup keeps the captain call recoverable and session start retains it
ok - an answer before cleanup replay preserves the retained report
ok - an unusable pending-close record names its reason instead of a bare refusal
ok - an unsupported relocated report does not wedge the captain's answer
ok - cleanup retains captain calls in the configured backlog
ok - merge approval releases before zero-retention cleanup records completion
ok - the PR merge entrypoint refuses a captain-held task before merging
ok - the local merge entrypoint refuses a captain-held task before merging
ok - the PR merge entrypoint separates an unreadable authority record from an absent one
ok - the local merge entrypoint separates an unreadable authority record from an absent one
ok - merge entrypoints reject unsafe identities and absent state before locking
ok - merge entrypoints refuse a replacement incarnation after waiting for cleanup
ok - merge entrypoints own task state before forced cleanup can retire it
ok - a released merge passes the guarded entrypoint and remains recently landed
ok - cleanup refuses a ship row when its captain hold cannot be read
ok - skipped on markdown-only tasks-axi: verify against a beads-migrated hold
ok - skipped on markdown-only tasks-axi: verify against a prefix-migrated hold
ok - skipped on markdown-only tasks-axi: prefer a marker-noted row over a prefix namesake
ok - skipped on markdown-only tasks-axi: complete against a beads-migrated hold
ok - skipped on markdown-only tasks-axi: verify an unresolvable beads legacy id
ok - skipped on markdown-only tasks-axi: verify a derived pre-collapse key
ok - captain-hold mutations address the beads backend without a markdown override
ok - skipped on markdown-only tasks-axi: captain-hold create under due.required without types.custom
FM_TEST_END 2026-09-20T16:52:44Z tests/fm-captain-hold-lifecycle.test.sh exit=0 duration_ms=697087 gate_skip=false
FM_TEST_BEGIN 2026-09-20T16:52:44Z tests/fm-watch-triage.test.sh family=watcher-wake-lock expected_gate_skip=none
FM_TEST_BEGIN 2026-09-20T16:52:44Z tests/fm-wake-queue.test.sh family=watcher-wake-lock expected_gate_skip=none
FM_TEST_BEGIN 2026-09-20T16:52:44Z tests/fm-inactive-reconcile.test.sh family=watcher-wake-lock expected_gate_skip=none
ok - an abandoned same-process lock hold is reclaimed; a parent's live hold is not
ok - without BASHPID a subshell cannot release or reclaim its parent lock and owns its own hold
ok - bounded acquire hands ownership to the waiting caller after contention
ok - presentation lock waits are bounded and retriable without weakening acknowledgement atomicity
ok - malformed presentation locks report acquire failure instead of contention
not ok - a foreign queue with no progress did not alert: check: rearm-resurface
FM_TEST_END 2026-09-20T16:53:08Z tests/fm-wake-queue.test.sh exit=1 duration_ms=23177 gate_skip=false
actionable: inactive terminal outcome awaiting captain presentation: child=child state=done pr=https://example.test/owner/repo/pull/1
ok - main direct terminal presentation has a durable receipt
ok - secondmate delivers a child's terminal ledger line once, on the next poll, from the ledger alone
ok - multiline terminal outcomes are reported once before or during a state read
ok - an unterminated continuation line does not withhold a proven child outcome
ok - busy child locks do not starve later ledger outcomes
ok - ledger delivery carries the report pointer, the failed verb, and each new terminal line
ok - pr= requires the recorded PR or a ready-signal terminal line, whatever its stamp, and never a scout
ok - terminal lines arriving during state reads remain ledger-owned
ok - inactive and ledger paths reconcile one raced completion without hiding later events
ok - progress after an inactive fallback starts a distinct terminal event
ok - complete long ledger lines retain distinct receipt identities
ok - a ledger line still being appended waits for its newline
ok - the remote route carries a child's ledger line once
ok - report delivers a child's final line, owes nothing twice, and refuses only an unwritable channel
ok - report preserves teardown's metadata-before-scan lock order
actionable: child outcome needs parent report: child=child state=failed (missing or unreadable parent binding .fm-secondmate-parent)
ok - relative local parent homes fail closed
ok - invalid secondmate markers block routing and surface the obligation
ok - remote parent-replies mirror input is durable and idempotent
ok - reused task ids retain per-incarnation terminal receipts
ok - legacy metadata rewrites preserve terminal receipt identity
ok - relaunch cannot replace metadata during terminal snapshot
actionable: inactive terminal outcome awaiting captain presentation: child=child state=done pr=https://example.test/owner/repo/pull/1
ok - terminal reconciliation ignores heartbeat backoff state
actionable: inactive terminal outcome awaiting captain presentation: child=child state=done pr=https://example.test/owner/repo/pull/1
ok - scan marker replaces a symlink without overwriting its target
ok - nonterminal and captain-held workers remain outside inactive terminal reporting
ok - watcher hook wakes for terminal loss and preserves idle secondmate exemption
ok - the real watcher poll delivers a child's terminal ledger line to the parent channel
actionable: inactive terminal outcome awaiting captain presentation: child=b state=done pr=https://example.test/owner/repo/pull/1
ok - stalled state reads are bounded without starving later children
ok - aggregate scan budget includes durable wake operations
actionable: inactive terminal outcome needs parent report: child=child state=failed (missing or unreadable parent binding .fm-secondmate-parent)
ok - notice recovery remains idempotent across queue acknowledgement
ok - a secondmate home with no parent binding names the missing binding instead of failing quietly
actionable: inactive terminal outcome awaiting captain presentation: child=child state=done pr=https://example.test/owner/repo/pull/1
ok - reconciliation makes zero forge or PR API calls
actionable: inactive terminal outcome awaiting captain presentation: child=child state=done pr=https://example.test/owner/repo/pull/1
ok - reconciliation state reads set no-forge mode
all inactive reconciliation tests passed
FM_TEST_END 2026-09-20T16:54:39Z tests/fm-inactive-reconcile.test.sh exit=0 duration_ms=114655 gate_skip=false
ok - status_span_has_actionable: benign absorbed, captain events surfaced, classified events not re-fired
ok - an actionable event is not hidden by later routine appends, and is named as itself
ok - span classification retires closed decisions and surfaces rejected transitions for reconciliation
ok - a malformed seen signature causes the whole status log to be classified
ok - stale_is_terminal: terminal status surfaces, non-terminal and no-status are benign
ok - classifier primitives: keyed decisions and activity phases, captain relevance, window-to-task, and overrides
ok - crew_is_provably_working: only working+run-step/pane is provable; idle/finished/parked/failed/unknown surface
ok - status_is_paused: only the leading paused verb matches, paused is not captain-relevant, and the two declared-wait verbs stay separable
ok - crew_absorb_class: working/paused/none from one read; crew_is_paused and crew_is_provably_working agree
ok - crew_worktree_written_since: real writes are evidence; no worktree, no anchor, quiet trees, .git churn and a mate's own home are not
ok - an empty FM_WORKTREE_WRITE_PRUNE widens the probe to the whole depth-bounded tree instead of disabling it
ok - an empty FM_WORKTREE_WRITE_PRUNE exported into the environment prunes nothing, widening the probe
ok - the worktree write probe is wall-clock bounded, and hitting the bound reads as no write evidence
ok - signal_crew_provably_working: benign only when every referenced crew is provably working
ok - a secondmate's status signal is never absorbed as provably working; crewmates are unaffected
ok - a no-verb signal whose crew is provably working is absorbed (no exit, no queue, suppressor advanced, beacon present)
ok - a bare turn-end whose crew is provably working (busy pane) is absorbed
ok - a bare turn-end whose crew is not provably working is surfaced (the swallowed-finish fix)
ok - a bare turn-end from a pane that churned since the previous poll is absorbed
ok - pane churn starts a fresh stale-classification interval before a stopped render returns
ok - pane churn resets prior wedge escalation state before the stale-path poll
ok - a churning turn-end inside an already-open deferral window is absorbed without re-marking
ok - a bare turn-end from a pane unchanged since the previous poll still surfaces
ok - a bare turn-end backed by a malformed prior hash surfaces
ok - a bare turn-end backed by a newline-terminated prior hash surfaces
ok - a churning secondmate turn-end surfaces without a stale resurface path
ok - a turn-end whose marker key matches another recorded endpoint surfaces
ok - two metadata records sharing one endpoint make churn evidence ambiguous
ok - a batch may satisfy positive evidence independently per task
ok - per-task evidence composition stays off until the home opts in
ok - a status-bearing batch never falls through to pane-churn evidence
ok - pane-churn turn-end absorb is off until a home opts in
ok - a perpetually churning pane surfaces once its bounded deferral window is spent
ok - an unrecordable pane-churn deadline surfaces the turn-end
ok - an invalid pane-churn bound surfaces the turn-end
ok - an oversized pane-churn bound surfaces the turn-end
ok - invalid existing pane-churn deadlines surface without mutation
ok - a surfaced batch opens no partial pane-churn deadline
ok - a no-verb working: note whose crew is idle with no running pipeline is surfaced
ok - a secondmate's status note surfaces even while its own agent is busy
ok - a secondmate blocker wakes despite busy evidence and later unrelated appends
ok - a self-announced close never wakes its own home, and the next real note still does
ok - a close after OPEN DECISIONS fold never wakes its own home, and the next real note still does
ok - a close after OPEN DECISIONS fold still surfaces a worker failure inside the folded span
ok - a close after OPEN DECISIONS fold still surfaces unlisted secondmate lines inside the folded span
ok - captain-relevant signal is surfaced (queue + exit) and marked surfaced
ok - a needs-decision signal row's queued payload is marked needs-decision: for branch exclusion
ok - a reconciliation-required needs-decision row's queued payload is still marked needs-decision:
ok - a captain-held signal stays actionable while the crew is still working
ok - a pending-reply second-mate escalation is marked for main-only routing
ok - an ordinary blocked event remains branch-eligible
ok - a routine event containing a needs-decision phrase keeps its ordinary payload, unmarked
ok - a captain event hidden behind a later routine append is still surfaced (queue + exit)
ok - a finished release reported before routine cleanup chatter is still surfaced
ok - a routine append after an already-classified event is absorbed (no re-wake)
ok - unreadable status reports are bounded without advancing classification
ok - permission recovery surfaces content from the unadvanced position
ok - a stale pane sitting on a terminal status is surfaced (queue + exit)
ok - a stale terminal-looking status is overridden and absorbed while a run is actively working, then wedge-escalated
ok - provably-working non-terminal stale is absorbed on first sight, then wedge-escalated past the threshold
ok - consecutive wedge escalations on the same pane accumulate and demand deep inspection at the threshold
ok - a pane becoming active again resets the consecutive wedge-escalation counter
ok - a record whose endpoint is dead or missing reports itself once and is never re-escalated
ok - a live wedged agent, an unattributable one, and an unreadable endpoint escalate unchanged
ok - the once-only gone report re-arms when the endpoint comes back, and reports a later death again
ok - a second death after a same-window relaunch reports in full without a live probe, and an unchanged dead pane stays silent
ok - a successor's byte-identical dead display reports in full, and the same incarnation still absorbs
ok - a busy worker below the turn-age bound remains working with no escalation
ok - a busy worker with a stable pane hash still escalates once its completed-turn age reaches the bound
ok - a busy worker whose pane hash changes every poll still escalates once its completed-turn age reaches the bound
ok - touching a busy worker's completed-turn marker resets the age and prevents an old-age escalation
ok - native progress resets busy age without a completed turn or notification
ok - repeated busy turn-age escalations reuse the existing escalation counter and demand deep inspection at the threshold
ok - the production default busy-turn-age bound is 3600s (5min under does not wedge, 66min over does)
ok - a busy pane under a declared pause is rechecked on the long cadence, and lifting the pause restores the wedge escalation
ok - away mode hands a busy declared pause to the daemon as a plain stale, and lifting the declaration restores the wedge escalation
ok - away mode wakes the daemon once per declaration for a busy pane whose footer ticks on every capture
ok - a not-provably-working non-terminal stale is surfaced immediately (never left to wait out the timer)
ok - a declared pause is absorbed on first sight, then re-surfaced as a recheck past the threshold, never wedge-escalated
ok - exited declared-pause and captain-held panes use bounded pause cadence while a live decision gate still surfaces once
ok - absorbed paused and captain-held replacements each start their own re-surface cadence
ok - a parked live worker surfaces once, absorbs pane churn for the whole re-surface window, then re-surfaces when it elapses
ok - a live paused worker stays absorbed until its declared time, then rechecks
ok - a declared wait is not wedge-escalated by a working verdict, while an elapsed declaration and an undeclared lane both keep the unchanged ladder
ok - a captain-held lane is rechecked as a hold on the captain, never as an external wait, and never at all while the captain is away
ok - a gate awaiting firstmate's decision for its own run is rechecked on the long cadence in either posture, while a crewmate-owed gate, an unrelated open decision and a runless verdict keep the unchanged ladder
ok - a parked human-owed gate is deferred only while its decision is still open, so an answered-but-unrelayed gate, an unescalated one, and one holding only a blocker all keep the unchanged ladder
ok - with config/wedge-defer-parked-gate absent a parked gate keeps the unchanged ladder, wording and reads
ok - a wait record missing a field the recheck must print, or carrying one it must not, is refused and the lane escalates exactly as it would have
ok - work under an open captain call surfaces once, absorbs pane churn, then re-surfaces when the window elapses
ok - a stale window with no open captain call keeps alarming on every new hash
ok - a wake that never reached the durable queue arms no re-surface throttle
ok - a released-then-re-held task is a distinct captain call whose first sight still alarms
ok - a declared paused secondmate re-surfaces on the bounded normal-mode cadence
ok - a captain-held secondmate re-surfaces on the bounded normal-mode cadence
ok - a non-paused secondmate retains normal stale suppression
ok - a resumed secondmate clears pause and stale tracking before stale exemption
ok - unchanged stale hashes reclassify when a crew enters or leaves pause
ok - a declared pause is periodically rechecked against authoritative active-run state
ok - a paused status overridden by authoritative working preserves its wedge timer, is rechecked rather than wedge-escalated while the declaration stands, and escalates once it is lifted
ok - matching non-terminal stale suppressors repair missing or corrupt stale-since timers
ok - a quiet pane writing its own worktree is deferred, while one writing nothing still wedge-escalates on the unchanged schedule
ok - a write deferral re-surfaces once on the bounded pause cadence, so a churning worktree cannot stay invisible
ok - a secondmate's own home supervision churn is not crew write evidence, so a pane recording that home keeps the unchanged escalation schedule
ok - an idle-window timer repair drops a finished write-deferral chain, so the next deferral gets a fresh re-surface window
ok - both first-sight paths through a captain-relevant status drop a finished write-deferral chain with the idle window
ok - triage log capping handles wc byte counts with leading spaces
ok - a captured process-event result wakes a healthy watcher proactively, with no manual drain
ok - an unacknowledged process-event result re-drains until handling is acknowledged
ok - complete process-event queue keys map to distinct seen markers
ok - process-event queue keys surface under their own headlines
ok - every launch-failure episode is delivered under the failed-to-start headline
WAKE_ACK_REQUIRED: after handling completes run bin/fm-wake-drain.sh --ack-through 1 --recovery-generation 88327.1789925145.tinsVk
ok - queue revalidation, proactive output, and marker commit serialize with drain
/Users/justinasbolys/.no-mistakes/worktrees/bb0d8b8efff4/01M2ZR4EBSBVT05539MMPXYX1V/bin/fm-push-transition-lib.sh: line 96: echo: write error: Broken pipe
tests/wake-helpers.sh: line 310: 93914 Killed: 9                  PATH="$dir/fakebin:$PATH" FM_HOME="$dir" FM_PROCEVENT_CLAIM_ROOT="$dir/claims" FM_CREW_STATE_BIN="$dir/fakebin/fm-crew-state.sh" FM_POLL=0.2 FM_SIGNAL_GRACE=1 FM_CHECK_INTERVAL=999999 FM_HEARTBEAT=999999 "$WATCH" > "$out"
tests/wake-helpers.sh: line 310: 96733 Killed: 9                  PATH="$dir/fakebin:$PATH" FM_HOME="$dir" FM_PROCEVENT_CLAIM_ROOT="$dir/claims" FM_CREW_STATE_BIN="$dir/fakebin/fm-crew-state.sh" FM_POLL=0.2 FM_SIGNAL_GRACE=1 FM_CHECK_INTERVAL=999999 FM_HEARTBEAT=999999 "$WATCH" > "$out"
ok - surfacing failures replay until post-handling acknowledgement
ok - marker failure exits through the shared wake owner, releases its lock, and replays later
ok - a heartbeat with no captain-relevant change is absorbed and backs off the cadence
ok - heartbeat backstop fail-safe surfaces a captain-relevant status the per-wake path missed
ok - the heartbeat backstop surfaces a captain event hidden behind a later routine append
ok - the liveness beacon stays fresh while the watcher absorbs benign wakes (fm-guard never false-alarms)
ok - an afk signal records its captured heartbeat endpoint
ok - with .afk present the watcher reverts to one-shot so the daemon owns triage (no double-triage)
ok - AFK changed paused panes hand off plain stale identities for daemon-owned pause triage
ok - a captain-held item is never rechecked while the away-posture record exists, and the recheck returns once the record is archived
ok - a live captain-held pane is absorbed on first sight while the away-posture record exists
ok - a delivery the captain already holds is never rechecked while the away-posture record exists
ok - the daemon-owned one-shot never hands off a captain-held pane while the away-posture record exists
ok - a declared wait naming a near-future until time stays quiet until that time
ok - a wrong-year declared time cannot silence the watcher beyond the recheck cadence
ok - a declared wait whose until time has passed is rechecked at once, then held to the cadence
FM_TEST_END 2026-09-20T17:28:48Z tests/fm-watch-triage.test.sh exit=0 duration_ms=2163326 gate_skip=false
FM_TEST_BEGIN 2026-09-20T17:28:48Z tests/fm-agy-harness.test.sh family=pure-contract-unit expected_gate_skip=none
FM_TEST_BEGIN 2026-09-20T17:28:48Z tests/fm-muse-harness.test.sh family=pure-contract-unit expected_gate_skip=none
FM_TEST_BEGIN 2026-09-20T17:28:48Z tests/fm-task-delivery.test.sh family=pure-contract-unit expected_gate_skip=none
FM_TEST_BEGIN 2026-09-20T17:28:48Z tests/fm-kimi-harness.test.sh family=pure-contract-unit expected_gate_skip=none
ok - fm-spawn/fm-promote: authorized intent preserves exact words and refuses operator-address lines
ok - fm-spawn: every legacy worker receives scoped role instructions without changing project or primary instructions
ok - fm-spawn: a ship spawn requires a valid explicit mode and yolo before anything is created
ok - fm-spawn: scout and secondmate spawns refuse ship delivery flags
ok - fm-spawn: the brief's recorded mode and the spawn's explicit mode must agree
ok - fm-spawn: a rigor downgrade against the registered posture is announced, never blocked
ok - fm-spawn: a scout spawn resolves no delivery posture from the registry
ok - fm-promote: promotion requires the delivery contract and records it exactly once
ok - fm-promote: a symlinked task record is refused and its target is left untouched
ok - fm-promote: a promoted worker receives the same mode-specific delivery contract a briefed one does
ok - fm-project-mode: the conditional policy is accepted, mapped for mechanical callers, and readable raw
ok - fm-spawn/fm-promote: leftover Task placeholders are refused until both subsections are filled
# all fm-task-delivery tests passed
FM_TEST_END 2026-09-20T17:30:29Z tests/fm-task-delivery.test.sh exit=0 duration_ms=100553 gate_skip=false
FM_TEST_BEGIN 2026-09-20T17:30:29Z tests/fm-rovo-harness.test.sh family=pure-contract-unit expected_gate_skip=none
ok - fm-harness.sh: ancestry detects a natively-named agy command
ok - fm-harness.sh: ancestry rejects unrelated agy mentions
ok - fm-harness.sh: no inherited launcher marker claims the agy identity
ok - fm-control-lib: agy mechanics are Escape once, no clear key, and /quit
ok - fm-busy-lib: only the pinned esc-to-cancel row carries the agy busy verdict
ok - fm-composer-lib: agy delivery signatures never cross harnesses
ok - fm-busy-lib: agy classifies busy on its marker and unknown without it
ok - bin/fm-agent-process-lib.sh: agy is an agent, fragments are not
ok - herdr exit detection: done with a live registry and an agy process view stays live and refuses replacement
ok - herdr exit detection: a registered status over a shell-only pane is stale-agent and still refuses closing
ok - herdr exit detection: a registered pane with an agy foreground stays live however its shell ranks
ok - herdr exit detection: only a positively unregistered pane is agent-free
ok - herdr exit detection: malformed and failed reads stay unknown
ok - fm-spawn: agy launch carries brief, model, effort, and autonomy with cleared markers
ok - fm-spawn: agy omits xhigh from the launch but records it in task metadata
ok - fm-spawn: an unlisted agy model refuses before pane creation
ok - fm-spawn: an unreachable agy listing establishes nothing and launches
ok - fm-spawn: a hung agy listing is cut off by the shared bound and launches unvalidated
ok - fm-spawn: a zero FM_AGY_MODELS_TIMEOUT is clamped to the default bound
ok - fm-agy-trust.sh: registers the logical and resolved worktree paths and preserves the store
ok - fm-agy-trust.sh: creates agy's settings store when none exists
ok - fm-agy-trust.sh: refuses every out-of-scope path and never rewrites a broken store
ok - fm-spawn: agy pre-registers the worktree and launches straight into a busy turn
ok - fm-spawn: agy answers a dialog that renders anyway exactly once, then confirms busy
ok - fm-spawn: on an unregistered path a premature busy verdict waits for the dialog to be answered
ok - fm-spawn: a busy verdict on an unregistered path without a dialog fails and closes the endpoint
ok - fm-spawn: an agy dialog that never turns busy fails the spawn and closes the endpoint
ok - fm-spawn: a missing agy executable refuses before pane creation
ok - fm-spawn: agy cannot be launched as a secondmate
ok - fm-spawn: agy arms no busy wiring and writes no sidecar
FM_TEST_END 2026-09-20T17:30:51Z tests/fm-agy-harness.test.sh exit=0 duration_ms=123426 gate_skip=false
