===== HEAD run 1 =====
FM_TEST_BEGIN 2026-09-20T18:27:04Z tests/fm-remote-secondmate-trace-context.test.sh family=secondmate expected_gate_skip=none
ok - disabled: a remote-routed second mate records and receives no carrier and stays enabled-off end to end
ok - enabled: a remote-routed second mate receives one carrier in its pane, identical to the parent's recorded identity, before launch
ok - relaunch: a remote-routed second mate keeps one stable identity across restarts
ok - boundary: each remote-routed second mate roots its own trace and never adopts the spawning environment's carrier
ok - allowlist: the remote receiver accepts exactly the declared inherited-material set, including the enablement flag
ok - delivery: a parent-supplied carrier is accepted only for a secondmate launch and only as a strict W3C value
ALL TESTS PASSED
FM_TEST_END 2026-09-20T18:30:07Z tests/fm-remote-secondmate-trace-context.test.sh exit=0 duration_ms=183628 gate_skip=false
FM_TEST_SUMMARY total=1 failed=0 skipped_gate=0 duration_ms=183763
FM_TEST_SUMMARY_FAMILY family=secondmate count=1 duration_ms=183628 failed=0
FM_TEST_SLOWEST rank=1 script=tests/fm-remote-secondmate-trace-context.test.sh duration_ms=183628
rc=0
===== HEAD run 2 =====
FM_TEST_BEGIN 2026-09-20T18:30:08Z tests/fm-remote-secondmate-trace-context.test.sh family=secondmate expected_gate_skip=none
ok - disabled: a remote-routed second mate records and receives no carrier and stays enabled-off end to end
ok - enabled: a remote-routed second mate receives one carrier in its pane, identical to the parent's recorded identity, before launch
ok - relaunch: a remote-routed second mate keeps one stable identity across restarts
ok - boundary: each remote-routed second mate roots its own trace and never adopts the spawning environment's carrier
ok - allowlist: the remote receiver accepts exactly the declared inherited-material set, including the enablement flag
ok - delivery: a parent-supplied carrier is accepted only for a secondmate launch and only as a strict W3C value
ALL TESTS PASSED
FM_TEST_END 2026-09-20T18:33:14Z tests/fm-remote-secondmate-trace-context.test.sh exit=0 duration_ms=186545 gate_skip=false
FM_TEST_SUMMARY total=1 failed=0 skipped_gate=0 duration_ms=186694
FM_TEST_SUMMARY_FAMILY family=secondmate count=1 duration_ms=186545 failed=0
FM_TEST_SLOWEST rank=1 script=tests/fm-remote-secondmate-trace-context.test.sh duration_ms=186545
rc=0
===== parent 851f717 run =====
FM_TEST_BEGIN 2026-09-20T18:33:15Z tests/fm-remote-secondmate-trace-context.test.sh family=secondmate expected_gate_skip=none
ok - disabled: a remote-routed second mate records and receives no carrier and stays enabled-off end to end
ok - enabled: a remote-routed second mate receives one carrier in its pane, identical to the parent's recorded identity, before launch
ok - relaunch: a remote-routed second mate keeps one stable identity across restarts
ok - boundary: each remote-routed second mate roots its own trace and never adopts the spawning environment's carrier
ok - allowlist: the remote receiver accepts exactly the declared inherited-material set, including the enablement flag
ok - delivery: a parent-supplied carrier is accepted only for a secondmate launch and only as a strict W3C value
ALL TESTS PASSED
FM_TEST_END 2026-09-20T18:36:27Z tests/fm-remote-secondmate-trace-context.test.sh exit=0 duration_ms=192312 gate_skip=false
FM_TEST_SUMMARY total=1 failed=0 skipped_gate=0 duration_ms=192454
FM_TEST_SUMMARY_FAMILY family=secondmate count=1 duration_ms=192312 failed=0
FM_TEST_SLOWEST rank=1 script=tests/fm-remote-secondmate-trace-context.test.sh duration_ms=192312
rc=0
===== parent a09090d run =====
FM_TEST_BEGIN 2026-09-20T18:36:28Z tests/fm-remote-secondmate-trace-context.test.sh family=secondmate expected_gate_skip=none
ok - disabled: a remote-routed second mate records and receives no carrier and stays enabled-off end to end
ok - enabled: a remote-routed second mate receives one carrier in its pane, identical to the parent's recorded identity, before launch
ok - relaunch: a remote-routed second mate keeps one stable identity across restarts
ok - boundary: each remote-routed second mate roots its own trace and never adopts the spawning environment's carrier
ok - allowlist: the remote receiver accepts exactly the declared inherited-material set, including the enablement flag
ok - delivery: a parent-supplied carrier is accepted only for a secondmate launch and only as a strict W3C value
ALL TESTS PASSED
FM_TEST_END 2026-09-20T18:39:25Z tests/fm-remote-secondmate-trace-context.test.sh exit=0 duration_ms=177631 gate_skip=false
FM_TEST_SUMMARY total=1 failed=0 skipped_gate=0 duration_ms=177767
FM_TEST_SUMMARY_FAMILY family=secondmate count=1 duration_ms=177631 failed=0
FM_TEST_SLOWEST rank=1 script=tests/fm-remote-secondmate-trace-context.test.sh duration_ms=177631
rc=0
