===== upstream-parent a09090d run 1 =====
FM_TEST_BEGIN 2026-09-20T17:01:40Z tests/fm-wake-queue.test.sh family=watcher-wake-lock expected_gate_skip=none
ok - an abandoned same-process lock hold is reclaimed; a parent's live hold is not
ok - without BASHPID a subshell cannot release or reclaim its parent lock and owns its own hold
ok - bounded acquire hands ownership to the waiting caller after contention
not ok - presentation lock delayed the drain for 5s
FM_TEST_END 2026-09-20T17:01:49Z tests/fm-wake-queue.test.sh exit=1 duration_ms=8699 gate_skip=false
FM_TEST_SUMMARY total=1 failed=1 skipped_gate=0 duration_ms=8881
FM_TEST_SUMMARY_FAMILY family=watcher-wake-lock count=1 duration_ms=8699 failed=1
FM_TEST_SLOWEST rank=1 script=tests/fm-wake-queue.test.sh duration_ms=8699
===== upstream-parent a09090d run 2 =====
WAKE_ACK_REQUIRED: after handling completes run bin/fm-wake-drain.sh --ack-through 1 --recovery-generation existing
ok - wake append publishes atomic recovery evidence before durable rows
ok - wake drain: generation-less legacy wakes are adopted and acknowledged
ok - wake drain: a stale acknowledgement cannot retire or consume a newer recovery episode
ok - wake drain: an acknowledgement that consumes nothing says so and names the exact command for the current wake
ok - wake drain: a branch acknowledgement that consumes nothing names the exact command for its granted wake
ok - wake drain: recovery acknowledgement failures are explicit and retryable
ok - interruptions preserve durable rows until post-handling acknowledgement
FM_TEST_END 2026-09-20T17:06:31Z tests/fm-wake-queue.test.sh exit=0 duration_ms=281935 gate_skip=false
FM_TEST_SUMMARY total=1 failed=0 skipped_gate=0 duration_ms=282106
FM_TEST_SUMMARY_FAMILY family=watcher-wake-lock count=1 duration_ms=281935 failed=0
FM_TEST_SLOWEST rank=1 script=tests/fm-wake-queue.test.sh duration_ms=281935
