===== isolated run 1 (HEAD) =====
ok - stall publication acknowledgement closes the pre-marker crash window
ok - empty prefix mate cleanup preserves another mate's stall receipt
ok - self-announced appends suppress only their own bytes and fail toward waking
ok - historical annotations replay nothing already announced and keep everything new
ok - concurrent append plus drain preserves durable records through acknowledgement
wait_for_exit: owned pid 21615 exceeded 40 polls; sending TERM
21615 56470 SN   bash /Users/justinasbolys/.no-mistakes/worktrees/bb0d8b8efff4/01M2ZR4EBSBVT05539MMPXYX1V/bin/fm-watch.sh
not ok - watcher did not exit for second signal
FM_TEST_END 2026-09-20T17:01:03Z tests/fm-wake-queue.test.sh exit=1 duration_ms=178517 gate_skip=false
FM_TEST_SUMMARY total=1 failed=1 skipped_gate=0 duration_ms=178655
FM_TEST_SUMMARY_FAMILY family=watcher-wake-lock count=1 duration_ms=178517 failed=1
FM_TEST_SLOWEST rank=1 script=tests/fm-wake-queue.test.sh duration_ms=178517
===== isolated run 2 (HEAD) =====
ok - an abandoned same-process lock hold is reclaimed; a parent's live hold is not
ok - without BASHPID a subshell cannot release or reclaim its parent lock and owns its own hold
ok - bounded acquire hands ownership to the waiting caller after contention
ok - presentation lock waits are bounded and retriable without weakening acknowledgement atomicity
ok - malformed presentation locks report acquire failure instead of contention
ok - foreign secondmate queue alerts once per no-progress episode without age-only or cascade noise
ok - declared external-wait pause rows do not feed secondmate wake-loop escalation
not ok - a frozen reprovisioned queue generation was hidden: check: rearm-resurface
FM_TEST_END 2026-09-20T17:01:36Z tests/fm-wake-queue.test.sh exit=1 duration_ms=32151 gate_skip=false
FM_TEST_SUMMARY total=1 failed=1 skipped_gate=0 duration_ms=32318
FM_TEST_SUMMARY_FAMILY family=watcher-wake-lock count=1 duration_ms=32151 failed=1
FM_TEST_SLOWEST rank=1 script=tests/fm-wake-queue.test.sh duration_ms=32151
